[app.strataprotocol.com/swap/2nE65bHDoM1Fdy4rsmAA4cCbLZCH54VXY1V6i1zoLFaj4a5c.html]
[backblue.gif]
[fade.gif]
[index.html]
[app.strataprotocol.com/_next/static/css/e4e975a5a42882fd.css]
[app.strataprotocol.com/_next/static/chunks/webpack-2150de1db04d793b.js]
[app.strataprotocol.com/_next/static/chunks/polyfills-c67a75d1b6f99dc8.js]
[app.strataprotocol.com/_next/static/chunks/framework-43062493de41cad2.js]
[app.strataprotocol.com/_next/static/chunks/main-a2932c5b2bd41333.js]
[app.strataprotocol.com/_next/static/chunks/38-b2177589dd406be3.js]
[app.strataprotocol.com/_next/static/chunks/1-e985554e487e28de.js]
[app.strataprotocol.com/_next/static/chunks/476-a01c86e615afb214.js]
[app.strataprotocol.com/_next/static/chunks/538-b355084a911736e5.js]
[app.strataprotocol.com/_next/static/chunks/574-74aee1262c7fa1fb.js]
[app.strataprotocol.com/_next/static/chunks/pages/swap/[id]-a344539c632d87b3.js]
[app.strataprotocol.com/_next/static/4E8ZgQcUn9Q1oqIIkX2vC/_buildManifest.js]
[app.strataprotocol.com/swap/2nE65bHDoM1Fdy4rsmAA4cCbLZCH54VXY1V6i1zoLFaj4a5c.html]
[app.strataprotocol.com/_next/static/4E8ZgQcUn9Q1oqIIkX2vC/_ssgManifest.js]
[app.strataprotocol.com/swap/2nE65bHDoM1Fdy4rsmAA4cCbLZCH54VXY1V6i1zoLFaj/index.html]
[app.strataprotocol.com/_next/static/css/e4e975a5a42882fd.css]
[app.strataprotocol.com/swap/2nE65bHDoM1Fdy4rsmAA4cCbLZCH54VXY1V6i1zoLFaj.html]
[app.strataprotocol.com/_next/static/chunks/pages/_app-ed470aa1ca590ad2.js]
[app.strataprotocol.com/swap/2nE65bHDoM1Fdy4rsmAA4cCbLZCH54VXY1V6i1zoLFaj.html]
